// Jest Snapshot v1, https://goo.gl/fbAQLP

exports[`OwnerColumn renders 1`] = `
<OwnerColumn
  onToggleMenu={[MockFunction]}
  systemId="abc123"
>
  <DoubleRow
    menuLinks={
      Array [
        Object {
          "children": "No owner actions available",
          "disabled": true,
        },
      ]
    }
    menuTitle="Take action:"
    onToggleMenu={[Function]}
    primary={
      <React.Fragment>
        <span
          data-test="owner"
        >
          admin
        </span>
      </React.Fragment>
    }
    primaryTitle="admin"
    secondary={
      <span
        data-test="tags"
        title=""
      >
        
      </span>
    }
    secondaryTitle=""
  >
    <div
      className="p-double-row"
    >
      <div
        className="p-double-row__rows-container"
      >
        <div
          className="p-double-row__primary-row"
        >
          <div
            className="p-double-row__primary-row-text u-truncate"
            title="admin"
          >
            <span
              data-test="owner"
            >
              admin
            </span>
          </div>
          <TableMenu
            links={
              Array [
                Object {
                  "children": "No owner actions available",
                  "disabled": true,
                },
              ]
            }
            onToggleMenu={[Function]}
            positionNode={null}
            title="Take action:"
          >
            <ContextualMenu
              className="p-table-menu"
              hasToggleIcon={true}
              links={
                Array [
                  "Take action:",
                  Object {
                    "children": "No owner actions available",
                    "disabled": true,
                  },
                ]
              }
              onToggleMenu={[Function]}
              position="left"
              toggleAppearance="base"
              toggleClassName="u-no-margin--bottom p-table-menu__toggle"
              toggleDisabled={false}
            >
              <span
                className="p-table-menu p-contextual-menu p-contextual-menu--left"
                style={
                  Object {
                    "position": "relative",
                  }
                }
              >
                <Button
                  appearance="base"
                  aria-expanded="false"
                  aria-haspopup="true"
                  className="p-contextual-menu__toggle u-no-margin--bottom p-table-menu__toggle"
                  disabled={false}
                  hasIcon={true}
                  onClick={[Function]}
                  type="button"
                >
                  <button
                    aria-expanded="false"
                    aria-haspopup="true"
                    className="p-button--base has-icon p-contextual-menu__toggle u-no-margin--bottom p-table-menu__toggle"
                    disabled={false}
                    onClick={[Function]}
                    type="button"
                  >
                    <i
                      className="p-icon--contextual-menu p-contextual-menu__indicator"
                    />
                  </button>
                </Button>
              </span>
            </ContextualMenu>
          </TableMenu>
        </div>
        <div
          className="p-double-row__secondary-row u-truncate"
        >
          <span
            data-test="tags"
            title=""
          />
        </div>
      </div>
    </div>
  </DoubleRow>
</OwnerColumn>
`;
